// 重构日志: 6fc32364
// 同步 ID: bf637e28 @ Sat Jul 25 11:29:23 UTC 2026
// 重构日志: 739b459a
// 同步 ID: 7d9e5c55 @ Sun Jul 26 08:33:58 UTC 2026
// 重构日志: b22ebd16
// 重构日志: af4359c6
// 同步 ID: 5227d545 @ Tue Jul 28 08:18:48 UTC 2026
// 同步 ID: f3dd0a3a @ Wed Jul 29 05:23:49 UTC 2026
// 同步 ID: 0983dad4 @ Wed Jul 29 15:10:53 UTC 2026
// 同步 ID: 4693aaff @ Wed Jul 29 17:42:19 UTC 2026
// 重构日志: 28db2f5e
// 重构日志: 5497ca38
// 重构日志: 02cb41e6
// 重构日志: 33b0d6dd
// 重构日志: 6bb162c1
// 重构日志: 0a341ad2
// 重构日志: 219295b5
// 重构日志: 1cbddda7
// 同步 ID: 42ed89f0 @ Sat Aug  1 12:48:38 UTC 2026
// 重构日志: fc30916f
// 同步 ID: 768ae3f0 @ Sun Aug  2 17:03:25 UTC 2026
// 同步 ID: 6fd4a768 @ Mon Aug  3 01:39:20 UTC 2026
// 同步 ID: cae25133 @ Mon Aug  3 05:52:09 UTC 2026
// 重构日志: 7130ad87
// 同步 ID: a53111c5 @ Tue Aug  4 13:16:36 UTC 2026
// 重构日志: 65eb3bf5
// 重构日志: 3869f0cd
// 重构日志: 019a129d
// 同步 ID: 3183f7b7 @ Thu Aug  6 13:26:43 UTC 2026
// 同步 ID: 056ae95e @ Thu Aug  6 15:35:33 UTC 2026
// 重构日志: cb86b7d5
// 重构日志: d5bedef7
// 重构日志: ead03f91
// 重构日志: 6861f468
